// Jest Snapshot v1, https://goo.gl/fbAQLP

exports[`should render MovieCardSmall properly 1`] = `
<article
  className="small-movie-card catalog__movies-card"
  id={1}
  onMouseOut={[MockFunction]}
  onMouseOver={[MockFunction]}
>
  <button
    className="small-movie-card__play-btn"
    onClick={[MockFunction]}
    type="button"
  >
    Play
  </button>
  <div
    className="small-movie-card__image"
  >
    <img
      alt="title"
      height="175"
      src="img/imagePath"
      width="280"
    />
  </div>
  <h3
    className="small-movie-card__title"
  >
    <a
      className="small-movie-card__link"
      href="movie-page.html"
    >
      title
    </a>
  </h3>
</article>
`;
